Microchip MPLAB XC8 Compiler V2.10 ()

Linker command line:

-W-3 --edf=C:\Program Files (x86)\Microchip\xc8\v2.10\pic\dat\en_msgs.txt \
  -cs -h+dist/default/production\LAB4.X.production.sym \
  --cmf=dist/default/production\LAB4.X.production.cmf -z -Q16F887 \
  -oC:\Users\DANIEL~1\AppData\Local\Temp\s348.2 --defsym=__MPLAB_BUILD=1 \
  -Mdist/default/production/LAB4.X.production.map -E1 -ver=XC8 --acfsm=1493 \
  -ASTACK=0110h-016Fh -pstack=STACK -ACODE=00h-07FFhx4 -ASTRCODE=00h-01FFFh \
  -ASTRING=00h-0FFhx32 -ACONST=00h-0FFhx32 -AENTRY=00h-0FFhx32 \
  -ACOMMON=070h-07Fh -ABANK0=020h-06Fh -ABANK1=0A0h-0EFh \
  -ABANK2=0110h-016Fh -ABANK3=0190h-01EFh \
  -ARAM=020h-06Fh,0A0h-0EFh,0110h-016Fh,0190h-01EFh \
  -AABS1=020h-07Fh,0A0h-0EFh,0110h-016Fh,0190h-01EFh -ASFR0=00h-01Fh \
  -ASFR1=080h-09Fh -ASFR2=0100h-010Fh -ASFR3=0180h-018Fh \
  -preset_vec=00h,intentry,init,end_init -ppowerup=CODE -pcinit=CODE \
  -pfunctab=ENTRY -ACONFIG=02007h-02008h -pconfig=CONFIG -DCONFIG=2 \
  -AIDLOC=02000h-02003h -pidloc=IDLOC -DIDLOC=2 -AEEDATA=00h-0FFh/02100h \
  -peeprom_data=EEDATA -DEEDATA=2 -DCODE=2 -DSTRCODE=2 -DSTRING=2 -DCONST=2 \
  -DENTRY=2 -k C:\Users\DANIEL~1\AppData\Local\Temp\s348.o \
  dist/default/production\LAB4.X.production.o 

Object code version is 3.11

Machine type is 16F887



                Name                               Link     Load   Length Selector   Space Scale
C:\Users\DANIEL~1\AppData\Local\Temp\s348.o
                end_init                              0        0        3        0       0
                config                             2007     2007        2     400E       0
dist/default/production\LAB4.X.production.o
                cinit                               7FB      7FB        5      FF6       0
                text8                               684      684       9D      D08       0
                text7                               721      721       DA      E42       0
                text6                               5CB      5CB        C      B96       0
                text5                               5D7      5D7       15      BAE       0
                text4                               5EC      5EC       16      BD8       0
                text3                               5BB      5BB        7      B76       0
                text2                               5C2      5C2        9      B84       0
                text1                               5B5      5B5        6      B6A       0
                maintext                            602      602       82      C04       0
                cstackBANK0                          20       20       1A       20       1
                cstackCOMMON                         70       70        D       70       1
                bssCOMMON                            7D       7D        1       70       1

TOTAL           Name                               Link     Load   Length     Space
        CLASS   STACK          

        CLASS   CODE           
                end_init                              0        0        3         0
                cinit                               7FB      7FB        5         0
                text8                               684      684       9D         0
                text7                               721      721       DA         0
                text6                               5CB      5CB        C         0
                text5                               5D7      5D7       15         0
                text4                               5EC      5EC       16         0
                text3                               5BB      5BB        7         0
                text2                               5C2      5C2        9         0
                text1                               5B5      5B5        6         0
                maintext                            602      602       82         0

        CLASS   STRCODE        

        CLASS   STRING         

        CLASS   CONST          

        CLASS   ENTRY          

        CLASS   COMMON         
                cstackCOMMON                         70       70        D         1
                bssCOMMON                            7D       7D        1         1

        CLASS   BANK0          
                cstackBANK0                          20       20       1A         1

        CLASS   BANK1          

        CLASS   BANK2          

        CLASS   BANK3          

        CLASS   RAM            

        CLASS   ABS1           
                abs_s1                               7E       7E        2         1

        CLASS   SFR0           

        CLASS   SFR1           

        CLASS   SFR2           

        CLASS   SFR3           

        CLASS   CONFIG         
                config                             2007     2007        2         0

        CLASS   IDLOC          

        CLASS   EEDATA         



SEGMENTS        Name                           Load    Length   Top    Selector   Space  Class     Delta

                reset_vec                      000000  000003  000003         0       0  CODE        2
                cstackBANK0                    000020  00001A  00003A        20       1  BANK0       1
                cstackCOMMON                   000070  00000E  00007E        70       1  COMMON      1
                text1                          0005B5  000006  0005BB       B6A       0  CODE        2
                text3                          0005BB  000007  0005C2       B76       0  CODE        2
                text2                          0005C2  000009  0005CB       B84       0  CODE        2
                text6                          0005CB  00000C  0005D7       B96       0  CODE        2
                text5                          0005D7  000015  0005EC       BAE       0  CODE        2
                text4                          0005EC  000016  000602       BD8       0  CODE        2
                maintext                       000602  000082  000684       C04       0  CODE        2
                text8                          000684  00009D  000721       D08       0  CODE        2
                text7                          000721  0000DA  0007FB       E42       0  CODE        2
                cinit                          0007FB  000005  000800       FF6       0  CODE        2
                config                         002007  000002  002009      400E       0  CONFIG      2


UNUSED ADDRESS RANGES

        Name                Unused          Largest block    Delta
        BANK0            003A-006F             36           1
        BANK1            00A0-00EF             50           1
        BANK2            0110-016F             60           1
        BANK3            0190-01EF             60           1
        CODE             0003-05B4            5B2           2
                         0800-1FFF            800
        CONST            0003-05B4            100           2
                         0800-1FFF            100
        EEDATA           2100-21FF            100           2
        ENTRY            0003-05B4            100           2
                         0800-1FFF            100
        IDLOC            2000-2003              4           2
        RAM              003A-006F             36           1
                         00A0-00EF             50
                         0110-016F             60
                         0190-01EF             60
        SFR0             0000-001F             20           1
        SFR1             0080-009F             20           1
        SFR2             0100-010F             10           1
        SFR3             0180-018F             10           1
        STACK            0110-016F             60           1
        STRCODE          0003-05B4            5B2           2
                         0800-1FFF           1800
        STRING           0003-05B4            100           2
                         0800-1FFF            100

                                  Symbol Table

?___aldiv                 cstackCOMMON 0070
UART_Init@baudrate        cstackBANK0  0026
UART_Init@x               cstackCOMMON 0079
UART_Write@data           cstackCOMMON 0072
_ANSEL                    (abs)        0188
_ANSELH                   (abs)        0189
_BRGH                     (abs)        04C2
_CREN                     (abs)        00C4
_PORTA                    (abs)        0005
_PORTB                    (abs)        0006
_RCIF                     (abs)        0065
_RCREG                    (abs)        001A
_SPBRG                    (abs)        0099
_SPEN                     (abs)        00C7
_SSPBUF                   (abs)        0013
_SSPCON                   (abs)        0014
_SSPSTAT                  (abs)        0094
_SSPSTATbits              (abs)        0094
_SYNC                     (abs)        04C4
_TRISA                    (abs)        0085
_TRISB                    (abs)        0086
_TRISC3                   (abs)        043B
_TRISC5                   (abs)        043D
_TRISC6                   (abs)        043E
_TRISC7                   (abs)        043F
_TRMT                     (abs)        04C1
_TXEN                     (abs)        04C5
_TXREG                    (abs)        0019
_UART_Init                text7        0721
_UART_Read                text6        05CB
_UART_Write               text5        05D7
__CFG_BOR4V$BOR40V        (abs)        0000
__CFG_BOREN$OFF           (abs)        0000
__CFG_CP$OFF              (abs)        0000
__CFG_CPD$OFF             (abs)        0000
__CFG_FCMEN$OFF           (abs)        0000
__CFG_FOSC$INTRC_NOCLKOUT (abs)        0000
__CFG_IESO$OFF            (abs)        0000
__CFG_LVP$OFF             (abs)        0000
__CFG_MCLRE$OFF           (abs)        0000
__CFG_PWRTE$OFF           (abs)        0000
__CFG_WDTE$OFF            (abs)        0000
__CFG_WRT$OFF             (abs)        0000
__Habs1                   abs1         0000
__Hbank0                  bank0        0000
__Hbank1                  bank1        0000
__Hbank2                  bank2        0000
__Hbank3                  bank3        0000
__HbssCOMMON              bssCOMMON    0000
__Hcinit                  cinit        0800
__Hclrtext                clrtext      0000
__Hcode                   code         0000
__Hcommon                 common       0000
__Hconfig                 config       2009
__HcstackBANK0            cstackBANK0  0000
__HcstackCOMMON           cstackCOMMON 0000
__Heeprom_data            eeprom_data  0000
__Hend_init               end_init     0003
__Hfunctab                functab      0000
__Hidloc                  idloc        0000
__Hinit                   init         0000
__Hintentry               intentry     0000
__Hmaintext               maintext     0000
__Hpowerup                powerup      0000
__Hram                    ram          0000
__Hreset_vec              reset_vec    0000
__Hsfr0                   sfr0         0000
__Hsfr1                   sfr1         0000
__Hsfr2                   sfr2         0000
__Hsfr3                   sfr3         0000
__Hspace_0                (abs)        2009
__Hspace_1                (abs)        007E
__Hspace_2                (abs)        0000
__Hspace_3                (abs)        0000
__Hstack                  stack        0000
__Hstrings                strings      0000
__Htext                   text         0000
__Labs1                   abs1         0000
__Lbank0                  bank0        0000
__Lbank1                  bank1        0000
__Lbank2                  bank2        0000
__Lbank3                  bank3        0000
__LbssCOMMON              bssCOMMON    0000
__Lcinit                  cinit        07FB
__Lclrtext                clrtext      0000
__Lcode                   code         0000
__Lcommon                 common       0000
__Lconfig                 config       2007
__LcstackBANK0            cstackBANK0  0000
__LcstackCOMMON           cstackCOMMON 0000
__Leeprom_data            eeprom_data  0000
__Lend_init               end_init     0000
__Lfunctab                functab      0000
__Lidloc                  idloc        0000
__Linit                   init         0000
__Lintentry               intentry     0000
__Lmaintext               maintext     0000
__Lpowerup                powerup      0000
__Lram                    ram          0000
__Lreset_vec              reset_vec    0000
__Lsfr0                   sfr0         0000
__Lsfr1                   sfr1         0000
__Lsfr2                   sfr2         0000
__Lsfr3                   sfr3         0000
__Lspace_0                (abs)        0000
__Lspace_1                (abs)        0000
__Lspace_2                (abs)        0000
__Lspace_3                (abs)        0000
__Lstack                  stack        0000
__Lstrings                strings      0000
__Ltext                   text         0000
__S0                      (abs)        2009
__S1                      (abs)        007E
__S2                      (abs)        0000
__S3                      (abs)        0000
___aldiv                  text8        0684
___aldiv@counter          cstackBANK0  0020
___aldiv@dividend         cstackCOMMON 0074
___aldiv@divisor          cstackCOMMON 0070
___aldiv@quotient         cstackBANK0  0022
___aldiv@sign             cstackBANK0  0021
___int_sp                 stack        0000
___latbits                (abs)        0002
___sp                     stack        0000
___stackhi                (abs)        0000
___stacklo                (abs)        0000
__end_of_UART_Init        text7        07FB
__end_of_UART_Read        text6        05D7
__end_of_UART_Write       text5        05EC
__end_of___aldiv          text8        0721
__end_of__initialization  cinit        07FC
__end_of_main             maintext     0684
__end_of_spiInit          text4        0602
__end_of_spiRead          text2        05CB
__end_of_spiReceiveWait   text3        05C2
__end_of_spiWrite         text1        05BB
__initialization          cinit        07FB
__pbssCOMMON              bssCOMMON    007D
__pcstackBANK0            cstackBANK0  0020
__pcstackCOMMON           cstackCOMMON 0070
__pmaintext               maintext     0602
__ptext1                  text1        05B5
__ptext2                  text2        05C2
__ptext3                  text3        05BB
__ptext4                  text4        05EC
__ptext5                  text5        05D7
__ptext6                  text6        05CB
__ptext7                  text7        0721
__ptext8                  text8        0684
__size_of_UART_Init       (abs)        0000
__size_of_UART_Read       (abs)        0000
__size_of_UART_Write      (abs)        0000
__size_of___aldiv         (abs)        0000
__size_of_main            (abs)        0000
__size_of_spiInit         (abs)        0000
__size_of_spiRead         (abs)        0000
__size_of_spiReceiveWait  (abs)        0000
__size_of_spiWrite        (abs)        0000
_main                     maintext     0602
_spiInit                  text4        05EC
_spiRead                  text2        05C2
_spiReceiveWait           text3        05BB
_spiWrite                 text1        05B5
_valeido                  bssCOMMON    007D
btemp                     (abs)        007E
end_of_initialization     cinit        07FC
intlevel0                 functab      0000
intlevel1                 functab      0000
intlevel2                 functab      0000
intlevel3                 functab      0000
intlevel4                 functab      0000
intlevel5                 functab      0000
main@COMPU                cstackBANK0  0036
main@POT1                 cstackBANK0  0038
main@POT2                 cstackBANK0  0039
reset_vec                 reset_vec    0000
spiInit@sClockIdle        cstackCOMMON 0071
spiInit@sDataSample       cstackCOMMON 0070
spiInit@sTransmitEdge     cstackCOMMON 0072
spiInit@sType             cstackCOMMON 0073
spiWrite@dat              cstackCOMMON 0070
start                     init         0000
start_initialization      cinit        07FB
wtemp0                    (abs)        007E


FUNCTION INFORMATION:

 *************** function _main *****************
 Defined at:
		line 32 in file "MASTER.c"
 Parameters:    Size  Location     Type
		None
 Auto vars:     Size  Location     Type
  COMPU           2   22[BANK0 ] unsigned int 
  POT2            1   25[BANK0 ] unsigned char 
  POT1            1   24[BANK0 ] unsigned char 
 Return value:  Size  Location     Type
                  1    wreg      void 
 Registers used:
		wreg, status,2, status,0, pclath, cstack
 Tracked objects:
		On entry : 
		On exit  : 
		Unchanged: 
 Data sizes:     COMMON   BANK0   BANK1   BANK3   BANK2
      Params:         0       0       0       0       0
      Locals:         0       4       0       0       0
      Temps:          2       0       0       0       0
      Totals:         2       4       0       0       0
Total ram usage:        6 bytes
 Hardware stack levels required when called:    2
 This function calls:
		_UART_Init
		_UART_Read
		_UART_Write
		_spiInit
		_spiRead
		_spiWrite
 This function is called by:
		Startup code after reset
 This function uses a non-reentrant model


 *************** function _spiWrite *****************
 Defined at:
		line 34 in file "SPIM.c"
 Parameters:    Size  Location     Type
  dat             1    wreg     unsigned char 
 Auto vars:     Size  Location     Type
  dat             1    0[COMMON] unsigned char 
 Return value:  Size  Location     Type
                  1    wreg      void 
 Registers used:
		wreg
 Tracked objects:
		On entry : 
		On exit  : 
		Unchanged: 
 Data sizes:     COMMON   BANK0   BANK1   BANK3   BANK2
      Params:         0       0       0       0       0
      Locals:         1       0       0       0       0
      Temps:          0       0       0       0       0
      Totals:         1       0       0       0       0
Total ram usage:        1 bytes
 Hardware stack levels used:    1
 This function calls:
		Nothing
 This function is called by:
		_main
 This function uses a non-reentrant model


 *************** function _spiRead *****************
 Defined at:
		line 47 in file "SPIM.c"
 Parameters:    Size  Location     Type
		None
 Auto vars:     Size  Location     Type
		None
 Return value:  Size  Location     Type
                  1    wreg      unsigned char 
 Registers used:
		wreg, status,2, status,0, pclath, cstack
 Tracked objects:
		On entry : 
		On exit  : 
		Unchanged: 
 Data sizes:     COMMON   BANK0   BANK1   BANK3   BANK2
      Params:         0       0       0       0       0
      Locals:         0       0       0       0       0
      Temps:          0       0       0       0       0
      Totals:         0       0       0       0       0
Total ram usage:        0 bytes
 Hardware stack levels used:    1
 Hardware stack levels required when called:    1
 This function calls:
		_spiReceiveWait
 This function is called by:
		_main
 This function uses a non-reentrant model


 *************** function _spiReceiveWait *****************
 Defined at:
		line 29 in file "SPIM.c"
 Parameters:    Size  Location     Type
		None
 Auto vars:     Size  Location     Type
		None
 Return value:  Size  Location     Type
                  1    wreg      void 
 Registers used:
		None
 Tracked objects:
		On entry : 
		On exit  : 
		Unchanged: 
 Data sizes:     COMMON   BANK0   BANK1   BANK3   BANK2
      Params:         0       0       0       0       0
      Locals:         0       0       0       0       0
      Temps:          0       0       0       0       0
      Totals:         0       0       0       0       0
Total ram usage:        0 bytes
 Hardware stack levels used:    1
 This function calls:
		Nothing
 This function is called by:
		_spiRead
 This function uses a non-reentrant model


 *************** function _spiInit *****************
 Defined at:
		line 12 in file "SPIM.c"
 Parameters:    Size  Location     Type
  sType           1    wreg     enum E1264
  sDataSample     1    0[COMMON] enum E1272
  sClockIdle      1    1[COMMON] enum E1276
  sTransmitEdg    1    2[COMMON] enum E1280
 Auto vars:     Size  Location     Type
  sType           1    3[COMMON] enum E1264
 Return value:  Size  Location     Type
                  1    wreg      void 
 Registers used:
		wreg, status,2, status,0
 Tracked objects:
		On entry : 
		On exit  : 
		Unchanged: 
 Data sizes:     COMMON   BANK0   BANK1   BANK3   BANK2
      Params:         3       0       0       0       0
      Locals:         1       0       0       0       0
      Temps:          0       0       0       0       0
      Totals:         4       0       0       0       0
Total ram usage:        4 bytes
 Hardware stack levels used:    1
 This function calls:
		Nothing
 This function is called by:
		_main
 This function uses a non-reentrant model


 *************** function _UART_Write *****************
 Defined at:
		line 39 in file "RXTX.c"
 Parameters:    Size  Location     Type
  data            1    wreg     unsigned char 
 Auto vars:     Size  Location     Type
  data            1    2[COMMON] unsigned char 
 Return value:  Size  Location     Type
                  1    wreg      void 
 Registers used:
		wreg
 Tracked objects:
		On entry : 
		On exit  : 
		Unchanged: 
 Data sizes:     COMMON   BANK0   BANK1   BANK3   BANK2
      Params:         0       0       0       0       0
      Locals:         1       0       0       0       0
      Temps:          2       0       0       0       0
      Totals:         3       0       0       0       0
Total ram usage:        3 bytes
 Hardware stack levels used:    1
 This function calls:
		Nothing
 This function is called by:
		_main
 This function uses a non-reentrant model


 *************** function _UART_Read *****************
 Defined at:
		line 56 in file "RXTX.c"
 Parameters:    Size  Location     Type
		None
 Auto vars:     Size  Location     Type
		None
 Return value:  Size  Location     Type
                  1    wreg      unsigned char 
 Registers used:
		wreg
 Tracked objects:
		On entry : 
		On exit  : 
		Unchanged: 
 Data sizes:     COMMON   BANK0   BANK1   BANK3   BANK2
      Params:         0       0       0       0       0
      Locals:         0       0       0       0       0
      Temps:          1       0       0       0       0
      Totals:         1       0       0       0       0
Total ram usage:        1 bytes
 Hardware stack levels used:    1
 This function calls:
		Nothing
 This function is called by:
		_main
		_UART_Read_Text
 This function uses a non-reentrant model


 *************** function _UART_Init *****************
 Defined at:
		line 16 in file "RXTX.c"
 Parameters:    Size  Location     Type
  baudrate        4    6[BANK0 ] const long 
 Auto vars:     Size  Location     Type
  x               2    9[COMMON] unsigned int 
 Return value:  Size  Location     Type
                  1    wreg      unsigned char 
 Registers used:
		wreg, status,2, status,0, pclath, cstack
 Tracked objects:
		On entry : 
		On exit  : 
		Unchanged: 
 Data sizes:     COMMON   BANK0   BANK1   BANK3   BANK2
      Params:         0       4       0       0       0
      Locals:         2       0       0       0       0
      Temps:          0      12       0       0       0
      Totals:         2      16       0       0       0
Total ram usage:       18 bytes
 Hardware stack levels used:    1
 Hardware stack levels required when called:    1
 This function calls:
		___aldiv
 This function is called by:
		_main
 This function uses a non-reentrant model


 *************** function ___aldiv *****************
 Defined at:
		line 5 in file "C:\Program Files (x86)\Microchip\xc8\v2.10\pic\sources\c90\common\aldiv.c"
 Parameters:    Size  Location     Type
  divisor         4    0[COMMON] long 
  dividend        4    4[COMMON] long 
 Auto vars:     Size  Location     Type
  quotient        4    2[BANK0 ] long 
  sign            1    1[BANK0 ] unsigned char 
  counter         1    0[BANK0 ] unsigned char 
 Return value:  Size  Location     Type
                  4    0[COMMON] long 
 Registers used:
		wreg, status,2, status,0
 Tracked objects:
		On entry : 
		On exit  : 
		Unchanged: 
 Data sizes:     COMMON   BANK0   BANK1   BANK3   BANK2
      Params:         8       0       0       0       0
      Locals:         0       6       0       0       0
      Temps:          1       0       0       0       0
      Totals:         9       6       0       0       0
Total ram usage:       15 bytes
 Hardware stack levels used:    1
 This function calls:
		Nothing
 This function is called by:
		_UART_Init
 This function uses a non-reentrant model



MODULE INFORMATION

Module		Function		Class		Link	Load	Size
C:\Program Files (x86)\Microchip\xc8\v2.10\pic\sources\c90\common\aldiv.c
		___aldiv       		CODE           	0684	0000	158

C:\Program Files (x86)\Microchip\xc8\v2.10\pic\sources\c90\common\aldiv.c estimated size: 158

RXTX.c
		_UART_Read     		CODE           	05CB	0000	13
		_UART_Init     		CODE           	0721	0000	219
		_UART_Write    		CODE           	05D7	0000	22

RXTX.c estimated size: 254

shared
		__initialization		CODE           	07FB	0000	2

shared estimated size: 2

MASTER.c
		_main          		CODE           	0602	0000	131

MASTER.c estimated size: 131

SPIM.c
		_spiWrite      		CODE           	05B5	0000	7
		_spiInit       		CODE           	05EC	0000	23
		_spiReceiveWait		CODE           	05BB	0000	8
		_spiRead       		CODE           	05C2	0000	10

SPIM.c estimated size: 48

